// Vitest Snapshot v1, https://vitest.dev/guide/snapshot.html

exports[`Tag > should match its default snapshot 1`] = `
<div
  class="flex items-center group bg-white shadow-none hover:bg-gray-25 hover:shadow-sm border border-gray-200 hover:border-gray-600 rounded-full font-semibold text-gray-600 hover:text-gray-900 text-xs leading-4 h-6 px-2"
  data-id="sds-tag"
>
  <div
    class="flex flex-row flex-nowrap items-center gap-1"
  >
    <!--v-if-->
    <span>
      <!-- @slot Label content. -->
      
      
      
    </span>
    <!--v-if-->
  </div>
</div>
`;
