// Vitest Snapshot v1, https://vitest.dev/guide/snapshot.html

exports[`LoadingSkeleton.vue > matches snapshot 1`] = `
<span
  class="rounded-sm sds-theme-plaid:rounded-none flex flex-row relative overflow-hidden bg-gray-100 dark:bg-gray-800 animate-pulse w-full h-full"
  data-id="sds-loading-skeleton"
/>
`;

exports[`LoadingSkeleton.vue > matches snapshot with no props assigned 1`] = `"<span data-id="sds-loading-skeleton" class="rounded-sm sds-theme-plaid:rounded-none flex flex-row relative overflow-hidden bg-gray-100 dark:bg-gray-800 animate-pulse w-full h-full"></span>"`;

exports[`LoadingSkeleton.vue > matches snapshot with width and height prop assigned 1`] = `"<span data-id="sds-loading-skeleton" class="rounded-sm sds-theme-plaid:rounded-none flex flex-row relative overflow-hidden bg-gray-100 dark:bg-gray-800 animate-pulse w-1/2 h-32"></span>"`;

exports[`LoadingSkeleton.vue > matches snapshot with width prop assigned 1`] = `"<span data-id="sds-loading-skeleton" class="rounded-sm sds-theme-plaid:rounded-none flex flex-row relative overflow-hidden bg-gray-100 dark:bg-gray-800 animate-pulse w-1/2 h-full"></span>"`;
