// Vitest Snapshot v1, https://vitest.dev/guide/snapshot.html

exports[`Dropdown > Snapshots > should match its default snapshot 1`] = `
<div
  class="inline-block"
  data-id="sds-dropdown"
>
  <div
    class="inline-block w-full"
  >
    
    <!-- @slot Trigger content (used to replace trigger button). @binding open, close, isOpen, toggle -->
    
    <button
      aria-expanded="false"
      aria-haspopup="true"
      class="space-x btn btn-secondary"
      id="v-0"
      type="button"
    >
      <!-- @slot Title content of trigger button. -->
      
      
      
      <svg
        aria-hidden="true"
        class="inline-block self-center w-5 h-5 ml-2 -mt-1 -mr-2"
        height="1.2em"
        role="img"
        viewBox="0 0 640 640"
        width="1.2em"
      >
        <path
          d="M297.4 470.6c12.5 12.5 32.8 12.5 45.3 0l192-192c12.5-12.5 12.5-32.8 0-45.3s-32.8-12.5-45.3 0L320 402.7L150.6 233.4c-12.5-12.5-32.8-12.5-45.3 0s-12.5 32.8 0 45.3l192 192z"
          fill="currentColor"
        />
      </svg>
    </button>
    
    
  </div>
  <!---->
</div>
`;
