// Vitest Snapshot v1, https://vitest.dev/guide/snapshot.html

exports[`MegaMenu.vue > matches snapshot 1`] = `
<div
  data-v-app=""
>
  
  <nav
    class="relative w-full flex flex-col bg-white dark:bg-gray-900 border-b-2 dark:border-gray-800"
    data-id="sds-megamenu"
  >
    <div
      class="w-full text-black dark:text-white container mx-auto px-4 max-w-full lg:px-8 lg:max-w-screen-lg xl:max-w-screen-xl 2xl:px-12 2xl:max-w-screen-2xl"
    >
      <div
        class="flex flex-row gap-4 xl:gap-8"
        role="menu"
      >
        
        
      </div>
    </div>
    <!--v-if-->
  </nav>
  <!-- Overlay used to dim background when "width" property set to full. -->
  <!--v-if-->
  
</div>
`;

exports[`MegaMenu.vue > matches snapshot with no props assigned 1`] = `
"<nav data-id=\\"sds-megamenu\\" class=\\"relative w-full flex flex-col bg-white dark:bg-gray-900 border-b-2 dark:border-gray-800\\">
  <div class=\\"w-full text-black dark:text-white container mx-auto px-4 max-w-full lg:px-8 lg:max-w-screen-lg xl:max-w-screen-xl 2xl:px-12 2xl:max-w-screen-2xl\\">
    <div class=\\"flex flex-row gap-4 xl:gap-8\\" role=\\"menu\\"></div>
  </div>
  <!--v-if-->
</nav>
<!-- Overlay used to dim background when \\"width\\" property set to full. -->
<!--v-if-->"
`;
