// Vitest Snapshot v1, https://vitest.dev/guide/snapshot.html

exports[`ComboBox > should match its default snapshot 1`] = `
<div
  class="relative"
  data-id="sds-combo-box"
>
  <div
    class="input-group"
  >
    <button
      class="input-group-addon"
      tabindex="-1"
      type="button"
    >
      <span
        class="sr-only"
      >
        Combo box
      </span>
      <svg
        aria-hidden="true"
        class="w-4 h-4"
        focusable="false"
        role="img"
        viewBox="0 0 512 512"
        xmlns="http://www.w3.org/2000/svg"
      >
        <path
          d="M368 208A160 160 0 1 0 48 208a160 160 0 1 0 320 0zM337.1 371.1C301.7 399.2 256.8 416 208 416C93.1 416 0 322.9 0 208S93.1 0 208 0S416 93.1 416 208c0 48.8-16.8 93.7-44.9 129.1L505 471c9.4 9.4 9.4 24.6 0 33.9s-24.6 9.4-33.9 0L337.1 371.1z"
          fill="currentColor"
        />
      </svg>
    </button>
    <input
      autocapitalize="off"
      autocomplete="off"
      autocorrect="off"
      class="form-control"
      spellcheck="false"
      type="text"
    />
    <!--v-if-->
    <!--v-if-->
    <!-- @slot Default content. Good for adding content to the end of the input group -->
    
    
  </div>
  <!--v-if-->
</div>
`;
