// Vitest Snapshot v1, https://vitest.dev/guide/snapshot.html

exports[`AvatarGroup > Should match its default snapshot 1`] = `
"<div data-id="sds-avatargroup" class="flex flex-row [&amp;_[data-id=&quot;sds-dropdown&quot;]]:relative [&amp;_[data-id=&quot;sds-dropdown&quot;]_div]:right-0 [&amp;_[data-id=&quot;sds-dropdown&quot;]]:size-12 h-12">
    <!--v-if-->
</div>"
`;

exports[`AvatarGroup > Should match with specific props and src snapshot 1`] = `
"<div data-id="sds-avatargroup" class="flex flex-row [&amp;_[data-id=&quot;sds-dropdown&quot;]]:relative [&amp;_[data-id=&quot;sds-dropdown&quot;]_div]:right-0 [&amp;_[data-id=&quot;sds-dropdown&quot;]]:size-12 h-12">
    <!--v-if-->
</div>"
`;
