// Vitest Snapshot v1, https://vitest.dev/guide/snapshot.html

exports[`DropdownHeader > should match its default snapshot 1`] = `<div data-id="sds-dropdown-header" class="[.dropdown-dark_&amp;]:bg-gray-850 [.dropdown-dark_&amp;]:text-gray-300 px-4 py-1 text-sm font-semibold leading-5 bg-white text-gray-500 dark:text-gray-300"><!-- @slot Dropdown header content. --></div>`;
