// Vitest Snapshot v1, https://vitest.dev/guide/snapshot.html

exports[`DropdownDivider > should match its default snapshot 1`] = `
<div
  class="[.dropdown-dark_&]:bg-gray-850 [.dropdown-dark_&]:border-gray-700 my-2 border-t bg-white border-gray-100 dark:border-gray-700"
  data-id="sds-dropdown-divider"
/>
`;
