// Vitest Snapshot v1, https://vitest.dev/guide/snapshot.html

exports[`SdsMobileMenu > toggles panel visibility based on modelValue prop 1`] = `
<nav
  aria-label="Mobile Menu"
  data-id="sds-mobilemenu"
  role="menu"
>
  
  
  
  
</nav>
`;

exports[`SdsMobileMenu > toggles panel visibility based on modelValue prop 2`] = `
<div
  aria-labelledby="mocked"
  class="z-50 max-w-md right-0 rounded-r-none fixed flex flex-col inset-y-0 w-11/12 bg-white overflow-y-scroll border rounded-lg sds-theme-plaid:rounded-none shadow-xl dark:text-gray-25 dark:bg-gray-900 dark:border-gray-800"
  data-id="sds-panel"
  id="mocked1"
  role="dialog"
>
  <header
    class="flex items-center p-6 pb-0"
  >
    <div
      class="flex items-center gap-2 text-2xl leading-7 font-light"
      id="v-0"
    >
      <!-- @slot Panel header content. -->
      
      
    </div>
    <button
      aria-label="close"
      class="inline-block p-0 ml-auto text-3xl text-gray-500 bg-transparent border-0 cursor-pointer hover:text-gray-700 hover:outline-hidden focus:text-gray-700 focus:outline-hidden dark:hover:text-gray-300 dark:focus:text-gray-300 active:text-gray-500 dark:active:text-gray-600"
    >
      <svg
        class="w-6 h-6"
        fill="none"
        stroke="currentColor"
        stroke-linecap="round"
        stroke-linejoin="round"
        stroke-width="2"
        viewBox="0 0 24 24"
      >
        <path
          d="M6 18L18 6M6 6l12 12"
        />
      </svg>
    </button>
  </header>
  <main
    class="p-6 flex grow flex-col"
  >
    <!-- @slot Panel content. -->
    
    <!--v-if-->
    <div>
      <!-- @slot Default "panel" slot. Use this slot to supply custom HTML that will display in "root" panel. I.e.: \`&lt;template #default&gt;...&lt;/template&gt;\` -->
      
      
    </div>
    
  </main>
  <footer
    class="flex shrink-0 sticky w-full bottom-0 p-6 bg-white/50 dark:bg-gray-900/50 backdrop-blur-sm"
  >
    <!-- @slot Panel footer content. -->
    
    
  </footer>
</div>
`;
