// Vitest Snapshot v1, https://vitest.dev/guide/snapshot.html

exports[`MobileMenu.vue > matches snapshot 1`] = `
<sdspanel
  modelvalue="false"
  side="right"
>
  
  
</sdspanel>
`;

exports[`MobileMenu.vue > matches snapshot with no props assigned 1`] = `"<sdspanel modelvalue=\\"false\\" side=\\"right\\"></sdspanel>"`;
