// Vitest Snapshot v1, https://vitest.dev/guide/snapshot.html

exports[`Toast > should match its default snapshot 1`] = `
<div
  aria-live="polite"
  class="w-full max-w-sm bg-white rounded-theme-sm shadow-lg pointer-events-auto dark:bg-gray-850 dark:border dark:border-gray-700"
  data-id="sds-toast"
  role="alert"
>
  <div
    class="overflow-hidden rounded-theme-sm ring-1 ring-black/5 dark:ring-gray-700"
  >
    <div
      class="p-4"
    >
      <div
        class="flex toasts-start"
      >
        <div
          class="shrink-0"
        >
          <!-- Heroicon name: check-circle -->
          <!--v-if-->
        </div>
        <div
          class="ml-3 w-0 flex-1 pt-0.5"
        >
          <p
            class="text-sm font-medium leading-5 text-gray-900 dark:text-gray-100"
          >
            Title
          </p>
          <p
            class="mt-1 text-sm leading-5 text-gray-600 dark:text-gray-400"
          >
            Lorem ipsum...
          </p>
        </div>
        <div
          class="flex shrink-0 ml-4"
        >
          <button
            class="inline-flex text-gray-600 dark:text-gray-400 transition duration-150 ease-in-out focus:outline-hidden hover:text-gray-900 dark:hover:text-gray-100"
          >
            <svg
              aria-hidden="true"
              class="h-5 w-5"
              fill="none"
              stroke="currentColor"
              stroke-linecap="round"
              stroke-linejoin="round"
              stroke-width="2"
              viewBox="0 0 24 24"
            >
              <path
                d="M6 18L18 6M6 6l12 12"
              />
            </svg>
            <span
              class="sr-only"
            >
              Close toast
            </span>
          </button>
        </div>
      </div>
    </div>
  </div>
</div>
`;
