// Vitest Snapshot v1, https://vitest.dev/guide/snapshot.html

exports[`TopFiveChart.vue > matches snapshot with malformed data 1`] = `undefined`;

exports[`TopFiveChart.vue > matches snapshot with no data 1`] = `undefined`;

exports[`TopFiveChart.vue > matches snapshot with no props assigned 1`] = `undefined`;

exports[`TopFiveChart.vue > matches snapshot with no urls 1`] = `undefined`;

exports[`TopFiveChart.vue > matches snapshot with urls 1`] = `undefined`;

exports[`TopFiveChart.vue > matches snapshot with urls, doNotLinkEntries 1`] = `undefined`;
