// Vitest Snapshot v1, https://vitest.dev/guide/snapshot.html

exports[`Multiselect.vue > matches snapshot with no props assigned 1`] = `
"<div data-v-e15a8ee8=\\"\\" data-id=\\"sds-multiselect\\" class=\\"sds-multiselect canSearch\\">
  <ul data-v-e15a8ee8=\\"\\" class=\\"tag-list single\\">
    <li data-v-e15a8ee8=\\"\\" style=\\"width: 0px;\\" class=\\"tag-list-item input\\"><span data-v-e15a8ee8=\\"\\" class=\\"faux-input\\" aria-hidden=\\"true\\"></span>
      <!----><label data-v-e15a8ee8=\\"\\"><input data-v-e15a8ee8=\\"\\" placeholder=\\"\\" style=\\"width: 0px;\\" autocomplete=\\"off\\" spellcheck=\\"false\\" autocorrect=\\"off\\" type=\\"text\\" class=\\"p-0 m-0 border-0 focus:shadow-none focus:ring-0\\"><span data-v-e15a8ee8=\\"\\" class=\\"sr-only\\">Enter text</span></label>
    </li>
  </ul>
  <!---->
  <div data-v-e15a8ee8=\\"\\" aria-hidden=\\"true\\" class=\\"multiselect-caret\\"></div>
  <!---->
</div>"
`;
